npm warn Unknown env config "build-from-source". This will stop working in the next major version of npm.

> -2@1.0.0 test
> vitest run src/components/__tests__/DamageNumber.test.tsx


[7m[1m[36m RUN [39m[22m[27m [36mv1.6.1[39m [90mC:/Users/zz113/Desktop/my-project/daledou/-2[39m

 [33m鉂?[39m src/components/__tests__/DamageNumber.test.tsx [2m ([22m[2m3 tests[22m [2m|[22m [31m3 failed[39m[2m)[22m[90m 7[2mms[22m[39m
[31m   [33m鉂?[31m src/components/__tests__/DamageNumber.test.tsx[2m > [22mDamageNumber[2m > [22mrenders damage value correctly[39m
[31m     鈫?document is not defined[39m
[31m   [33m鉂?[31m src/components/__tests__/DamageNumber.test.tsx[2m > [22mDamageNumber[2m > [22mrenders MISS text when isMiss is true[39m
[31m     鈫?document is not defined[39m
[31m   [33m鉂?[31m src/components/__tests__/DamageNumber.test.tsx[2m > [22mDamageNumber[2m > [22mapplies critical style when isCritical is true[39m
[31m     鈫?document is not defined[39m

鈳幆鈳幆鈳幆鈳?[1m Failed Tests 3 鈳幆鈳幆鈳幆鈳?[39m

 FAIL  src/components/__tests__/DamageNumber.test.tsx > DamageNumber > renders damage value correctly
ReferenceError: document is not defined
 鉂?[22m Proxy.render node_modules/@testing-library/react/dist/pure.js:256:5
 鉂?[22m src/components/__tests__/DamageNumber.test.tsx:19:9
     17| describe('DamageNumber', () => {
     18|     it('renders damage value correctly', () => {
     19|         render(<DamageNumber id="1" value={100} isCritical={false} isM鈥?       |         ^
     20|         screen.debug()
     21|         const element = screen.getByTestId('damage-number')

鈳幆鈳幆鈳幆鈳幆鈳幆鈳幆鈳幆鈳幆鈳幆鈳幆鈳幆鈳幆[1/3]鈳?[22m

 FAIL  src/components/__tests__/DamageNumber.test.tsx > DamageNumber > renders MISS text when isMiss is true
ReferenceError: document is not defined
 鉂?[22m Proxy.render node_modules/@testing-library/react/dist/pure.js:256:5
 鉂?[22m src/components/__tests__/DamageNumber.test.tsx:26:9
     24| 
     25|     it('renders MISS text when isMiss is true', () => {
     26|         render(<DamageNumber id="2" value={0} isCritical={false} isMis鈥?       |         ^
     27|         const element = screen.getByTestId('damage-number')
     28|         expect(element.textContent).toBe('MISS')

鈳幆鈳幆鈳幆鈳幆鈳幆鈳幆鈳幆鈳幆鈳幆鈳幆鈳幆鈳幆[2/3]鈳?[22m

 FAIL  src/components/__tests__/DamageNumber.test.tsx > DamageNumber > applies critical style when isCritical is true
ReferenceError: document is not defined
 鉂?[22m Proxy.render node_modules/@testing-library/react/dist/pure.js:256:5
 鉂?[22m src/components/__tests__/DamageNumber.test.tsx:32:9
     30| 
     31|     it('applies critical style when isCritical is true', () => {
     32|         render(<DamageNumber id="3" value={200} isCritical={true} isMi鈥?       |         ^
     33|         const element = screen.getByTestId('damage-number')
     34|         expect(element.className).toContain('text-yellow-400')

鈳幆鈳幆鈳幆鈳幆鈳幆鈳幆鈳幆鈳幆鈳幆鈳幆鈳幆鈳幆[3/3]鈳?[22m

[2m Test Files [22m [1m[31m1 failed[39m[22m[90m (1)[39m
[2m      Tests [22m [1m[31m3 failed[39m[22m[90m (3)[39m
[2m   Start at [22m 23:57:35
[2m   Duration [22m 1.11s[2m (transform 54ms, setup 0ms, collect 220ms, tests 7ms, environment 0ms, prepare 574ms)[22m

